// Jest Snapshot v1, https://goo.gl/fbAQLP

exports[`Button should render correctly 1`] = `
.c0 {
  display: -webkit-box;
  display: -webkit-flex;
  display: -ms-flexbox;
  display: flex;
  -webkit-flex-direction: row;
  -ms-flex-direction: row;
  flex-direction: row;
  padding: 0.4rem 1.2rem;
  -webkit-align-items: center;
  -webkit-box-align: center;
  -ms-flex-align: center;
  align-items: center;
  -webkit-box-pack: center;
  -webkit-justify-content: center;
  -ms-flex-pack: center;
  justify-content: center;
  font-weight: bold;
  font-size: 14px;
  text-align: center;
  cursor: pointer;
  -webkit-transition: 0.3s;
  transition: 0.3s;
  border-radius: 0px;
  background: #3abf7c;
  color: #ffffff;
  border: 1.5px solid #3abf7c;
}

.c0 svg {
  margin-right: 10px;
}

.c0.light {
  background: #f5f5f5;
  border-radius: 1px;
  color: #333;
  border: none;
}

.c0:hover {
  -webkit-text-decoration: none;
  text-decoration: none;
  color: #ffffff;
  border: 1.5px solid #227149;
  background-color: #227149;
}

.c0:hover svg {
  color: #ffffff;
}

.c0:active {
  border: 1.5px solid #164a30;
  background-color: #164a30;
  box-shadow: none !important;
}

.c0:active svg {
  color: #ffffff;
}

<button
  className="c0"
  disabled={false}
  onClick={[Function]}
  radius={0}
>
  Test
</button>
`;
