// Jest Snapshot v1, https://goo.gl/fbAQLP

exports[`Radio should render correctly 1`] = `
.c2 {
  border: 1.5px solid #999999;
  -webkit-transition: 0.3s;
  transition: 0.3s;
  background-color: #ffffff;
  padding: 1rem 0.8rem;
  height: 42px;
  border-radius: 3px;
  color: #666666;
}

.c2:hover {
  border-color: #333333;
  color: #666666;
}

.c2:active {
  color: #333333;
}

.c2:focus {
  color: #333333;
  border-color: #ffffff;
}

.c2:disabled {
  border: none;
  background: #E5E5E5;
  color: #999999;
  cursor: not-allowed !important;
  pointer-events: none;
}

.c0 {
  display: inline-block;
  vertical-align: middle;
  position: relative;
  cursor: pointer;
}

.c1 {
  position: absolute;
  opacity: 0;
  cursor: pointer;
}

.c3 {
  position: absolute;
  top: 0;
  left: 0;
  height: 20px;
  width: 20px;
  -webkit-transition: 0.3s;
  transition: 0.3s;
  background-color: #ffffff;
  border-radius: 10px;
  border: 1.5px solid #999999;
}

.c3:hover {
  border-color: #666666;
}

<div
  className="c0"
>
  <input
    className="c1 c2"
    type="radio"
  />
  <span
    className="c3"
  />
</div>
`;
