// Jest Snapshot v1, https://goo.gl/fbAQLP

exports[`Collapse should render correctly 1`] = `
<div
  className="collapse"
  style={Object {}}
>
  Test
</div>
`;
